2021-12-22 16:33:54,948:INFO:wiki.py:Url hitted
2021-12-22 17:21:44,364:INFO:wiki.py:Url hitted
2021-12-22 17:22:28,562:INFO:wiki.py:Url hitted
2021-12-22 17:24:48,111:INFO:wiki.py:Url hitted
2021-12-22 17:24:50,817:INFO:wiki.py:Search begins for infosys
2021-12-22 17:25:08,874:INFO:wiki.py:Url hitted
2021-12-22 17:25:12,050:INFO:wiki.py:Search begins for google
2021-12-22 21:07:31,669:INFO:wiki.py:Url hitted
2021-12-22 21:07:34,835:INFO:wiki.py:Search begins for google
2021-12-22 21:08:33,139:INFO:wiki.py:Url hitted
2021-12-22 21:08:35,475:INFO:wiki.py:Search begins for google
2021-12-22 21:10:35,744:INFO:wiki.py:Url hitted
2021-12-22 21:10:39,043:INFO:wiki.py:Search begins for google
2021-12-22 21:13:34,626:INFO:wiki.py:Url hitted
2021-12-22 21:13:58,352:INFO:wiki.py:Search begins for google
2021-12-22 21:15:52,861:INFO:wiki.py:Url hitted
2021-12-22 21:15:56,067:INFO:wiki.py:Search begins for google
2021-12-22 21:17:16,861:INFO:wiki.py:Url hitted
2021-12-22 21:17:36,336:INFO:wiki.py:Search begins for google
2021-12-22 21:23:44,559:INFO:wiki.py:Url hitted
2021-12-22 21:24:02,847:INFO:wiki.py:Search begins for google
2021-12-22 21:30:33,310:INFO:wiki.py:Url hitted
2021-12-22 21:30:35,858:INFO:wiki.py:Search begins for google
2021-12-22 21:34:16,480:INFO:wiki.py:Url hitted
2021-12-22 21:34:49,155:INFO:wiki.py:Search begins for google
2021-12-22 21:37:59,294:INFO:wiki.py:Url hitted
2021-12-22 21:38:09,981:INFO:wiki.py:Search begins for google
2021-12-23 11:31:19,603:INFO:wiki.py:Url hitted
2021-12-23 11:31:32,185:INFO:wiki.py:Search begins for microsoft
2021-12-23 11:35:25,064:INFO:wiki.py:Url hitted
2021-12-23 11:35:27,873:INFO:wiki.py:Search begins for microsoft
2021-12-23 11:37:19,079:INFO:wiki.py:Url hitted
2021-12-23 11:37:30,489:INFO:wiki.py:Search begins for google
2021-12-23 11:49:11,068:INFO:wiki.py:Url hitted
2021-12-23 11:49:22,432:INFO:wiki.py:Search begins for google
2021-12-23 11:53:29,044:INFO:wiki.py:Url hitted
2021-12-23 11:53:32,341:INFO:wiki.py:Search begins for google
2021-12-23 12:01:58,785:INFO:wiki.py:Url hitted
2021-12-23 12:02:01,699:INFO:wiki.py:Search begins for google
2021-12-23 12:42:14,277:INFO:wiki.py:Url hitted
2021-12-23 12:42:17,115:INFO:wiki.py:Search begins for google
2021-12-23 13:03:56,357:INFO:wiki.py:Url hitted
2021-12-23 13:04:00,281:INFO:wiki.py:Search begins for google
2021-12-23 13:08:05,624:INFO:wiki.py:Url hitted
2021-12-23 13:08:09,019:INFO:wiki.py:Search begins for google
2021-12-23 13:10:05,301:INFO:wiki.py:Url hitted
2021-12-23 13:10:08,832:INFO:wiki.py:Search begins for google
2021-12-23 13:13:49,823:INFO:wiki.py:Url hitted
2021-12-23 13:13:53,194:INFO:wiki.py:Search begins for google
2021-12-23 13:38:16,459:INFO:wiki.py:Url hitted
2021-12-23 13:38:19,549:INFO:wiki.py:Search begins for google
2021-12-23 13:41:51,265:INFO:wiki.py:Url hitted
2021-12-23 13:41:54,162:INFO:wiki.py:Search begins for google
2021-12-23 13:42:54,896:INFO:wiki.py:Url hitted
2021-12-23 13:42:57,361:INFO:wiki.py:Search begins for google
2021-12-23 13:49:38,003:INFO:wiki.py:Url hitted
2021-12-23 13:49:41,130:INFO:wiki.py:Search begins for google
2021-12-23 14:00:28,295:INFO:wiki.py:Url hitted
2021-12-23 14:00:31,564:INFO:wiki.py:Search begins for google
2021-12-23 14:06:01,184:INFO:wiki.py:Url hitted
2021-12-23 14:06:04,029:INFO:wiki.py:Search begins for google
2021-12-23 14:09:17,227:INFO:wiki.py:Url hitted
2021-12-23 14:09:25,216:INFO:wiki.py:Search begins for google
2021-12-23 14:22:51,915:INFO:wiki.py:Url hitted
2021-12-23 14:22:57,313:INFO:wiki.py:Search begins for google
2021-12-23 14:39:07,245:INFO:wiki.py:Url hitted
2021-12-23 14:39:11,578:INFO:wiki.py:Search begins for google
2021-12-23 14:40:42,886:INFO:wiki.py:Url hitted
2021-12-23 14:40:46,422:INFO:wiki.py:Search begins for google
2021-12-23 14:43:44,290:INFO:wiki.py:Url hitted
2021-12-23 14:43:49,070:INFO:wiki.py:Search begins for google
2021-12-23 14:54:47,284:INFO:wiki.py:Url hitted
2021-12-23 14:54:50,231:INFO:wiki.py:Search begins for google
2021-12-23 15:38:10,115:INFO:wiki.py:Url hitted
2021-12-23 15:38:13,342:INFO:wiki.py:Search begins for google
2021-12-23 15:47:46,896:INFO:wiki.py:Url hitted
2021-12-23 15:47:54,715:INFO:wiki.py:Search begins for google
2021-12-23 15:49:58,546:INFO:wiki.py:Url hitted
2021-12-23 15:50:01,438:INFO:wiki.py:Search begins for microsoft
2021-12-23 15:56:19,800:INFO:wiki.py:Url hitted
2021-12-23 15:56:22,659:INFO:wiki.py:Search begins for google
2021-12-23 16:05:07,548:INFO:wiki.py:Url hitted
2021-12-23 16:05:14,537:INFO:wiki.py:Search begins for google
2021-12-23 16:07:46,461:INFO:wiki.py:Url hitted
2021-12-23 16:07:49,065:INFO:wiki.py:Search begins for google
2021-12-23 16:09:17,205:INFO:wiki.py:Url hitted
2021-12-23 16:09:20,269:INFO:wiki.py:Search begins for google
2021-12-23 16:14:52,322:INFO:wiki.py:Url hitted
2021-12-23 16:14:55,633:INFO:wiki.py:Search begins for google
2021-12-23 16:24:48,375:INFO:wiki.py:Url hitted
2021-12-23 16:24:51,439:INFO:wiki.py:Search begins for google
2021-12-23 16:28:42,410:INFO:wiki.py:Url hitted
2021-12-23 16:28:45,921:INFO:wiki.py:Search begins for google
2021-12-23 16:45:53,589:INFO:wiki.py:Url hitted
2021-12-23 16:45:56,443:INFO:wiki.py:Search begins for google
2021-12-23 17:09:53,322:INFO:wiki.py:Url hitted
2021-12-23 17:10:01,583:INFO:wiki.py:Search begins for google
2021-12-23 17:17:32,692:INFO:wiki.py:Url hitted
2021-12-23 17:17:35,925:INFO:wiki.py:Search begins for google
2021-12-24 12:21:11,513:INFO:wiki.py:Url hitted
2021-12-24 12:21:26,231:INFO:wiki.py:Search begins for google
2021-12-24 12:31:30,280:INFO:wiki.py:Url hitted
2021-12-24 12:31:35,374:INFO:wiki.py:Search begins for sky
2021-12-24 12:36:59,971:INFO:wiki.py:Url hitted
2021-12-24 12:37:05,566:INFO:wiki.py:Search begins for corals
2021-12-24 12:37:09,576:INFO:wiki.py:Text stored in scrapper_wiki object
2021-12-24 12:57:52,491:INFO:wiki.py:Url hitted
2021-12-24 12:57:57,025:INFO:wiki.py:Search begins for corals
2021-12-24 13:00:28,834:INFO:wiki.py:Url hitted
2021-12-24 13:00:31,523:INFO:wiki.py:Search begins for corals
2021-12-24 13:11:56,909:INFO:wiki.py:Url hitted
2021-12-24 13:12:01,828:INFO:wiki.py:Search begins for corals
2021-12-24 13:15:03,247:INFO:wiki.py:Url hitted
2021-12-24 13:15:08,173:INFO:wiki.py:Search begins for corals
2021-12-24 13:17:43,249:INFO:wiki.py:Url hitted
2021-12-24 13:17:47,458:INFO:wiki.py:Search begins for corals
2021-12-24 13:17:52,203:INFO:wiki.py:Text stored in scrapper_wiki object
2021-12-24 15:36:31,699:INFO:wiki.py:Url hitted
2021-12-24 15:36:37,175:INFO:wiki.py:Search begins for corals
2021-12-24 15:36:42,447:INFO:wiki.py:Text stored in scrapper_wiki object
2021-12-24 15:40:39,579:INFO:wiki.py:Url hitted
2021-12-24 15:40:43,981:INFO:wiki.py:Search begins for corals
2021-12-24 15:40:47,397:INFO:wiki.py:Text stored in scrapper_wiki object
2021-12-24 15:42:44,856:INFO:wiki.py:Url hitted
2021-12-24 15:42:49,444:INFO:wiki.py:Search begins for corals
2021-12-24 15:42:53,746:INFO:wiki.py:Text stored in scrapper_wiki object
2021-12-24 15:44:16,928:INFO:wiki.py:Url hitted
2021-12-24 15:44:19,969:INFO:wiki.py:Search begins for google
2021-12-24 15:44:24,430:INFO:wiki.py:Text stored in scrapper_wiki object
2021-12-24 16:00:56,110:INFO:wiki.py:Url hitted
2021-12-24 16:00:59,900:INFO:wiki.py:Search begins for corals
2021-12-24 16:05:36,809:INFO:wiki.py:Url hitted
2021-12-24 16:05:39,953:INFO:wiki.py:Search begins for google
2021-12-24 16:21:24,622:INFO:wiki.py:Url hitted
2021-12-24 16:21:27,567:INFO:wiki.py:Search begins for corals
2021-12-24 16:25:54,202:INFO:wiki.py:Url hitted
2021-12-24 16:25:58,757:INFO:wiki.py:Search begins for corals
2021-12-24 16:31:03,774:INFO:wiki.py:Url hitted
2021-12-24 16:31:09,074:INFO:wiki.py:Search begins for corals
2021-12-24 16:34:33,792:INFO:wiki.py:Url hitted
2021-12-24 16:34:37,069:INFO:wiki.py:Search begins for corals
2021-12-24 16:39:18,007:INFO:wiki.py:Url hitted
2021-12-24 16:39:20,968:INFO:wiki.py:Search begins for corals
2021-12-24 16:41:15,924:INFO:wiki.py:Url hitted
2021-12-24 16:41:25,943:INFO:wiki.py:Search begins for corals
2021-12-24 16:42:15,300:INFO:wiki.py:Url hitted
2021-12-24 16:42:20,664:INFO:wiki.py:Search begins for corals
2021-12-24 16:44:36,021:INFO:wiki.py:Url hitted
2021-12-24 16:44:39,007:INFO:wiki.py:Search begins for corals
2021-12-24 17:26:07,732:INFO:wiki.py:Url hitted
2021-12-24 17:26:13,712:INFO:wiki.py:Search begins for corals
2021-12-24 17:26:19,085:INFO:wiki.py:Text stored in scrapper_wiki object
2021-12-24 17:27:30,114:INFO:wiki.py:Url hitted
2021-12-24 17:27:36,670:INFO:wiki.py:Search begins for corals
2021-12-24 17:27:41,865:INFO:wiki.py:Text stored in scrapper_wiki object
2021-12-24 17:28:58,523:INFO:wiki.py:Url hitted
2021-12-24 17:29:04,250:INFO:wiki.py:Search begins for google
2021-12-24 17:29:08,467:INFO:wiki.py:Text stored in scrapper_wiki object
2021-12-24 17:29:47,500:INFO:wiki.py:Url hitted
2021-12-24 17:29:51,185:INFO:wiki.py:Search begins for google
2021-12-24 17:29:55,247:INFO:wiki.py:Text stored in scrapper_wiki object
2021-12-24 17:30:23,785:INFO:wiki.py:Url hitted
2021-12-24 17:30:27,264:INFO:wiki.py:Search begins for google
2021-12-24 17:30:32,332:INFO:wiki.py:Text stored in scrapper_wiki object
2021-12-24 17:33:02,738:INFO:wiki.py:Url hitted
2021-12-24 17:33:05,675:INFO:wiki.py:Search begins for google
2021-12-24 17:33:10,361:INFO:wiki.py:Text stored in scrapper_wiki object
2021-12-24 17:34:15,471:INFO:wiki.py:Url hitted
2021-12-24 17:34:17,690:INFO:wiki.py:Search begins for google
2021-12-24 17:34:22,062:INFO:wiki.py:Text stored in scrapper_wiki object
2021-12-24 17:34:22,084:INFO:wiki.py:Text summarized
2021-12-24 17:36:01,018:INFO:wiki.py:Url hitted
2021-12-24 17:36:08,477:INFO:wiki.py:Search begins for google
2021-12-24 17:36:12,093:INFO:wiki.py:Text stored in scrapper_wiki object
2021-12-24 17:36:12,130:INFO:wiki.py:Text summarized
2021-12-24 18:00:55,256:INFO:wiki.py:Url hitted
2021-12-24 18:00:59,463:INFO:wiki.py:Search begins for google
2021-12-24 18:01:11,054:INFO:wiki.py:Text stored in scrapper_wiki object
2021-12-24 18:04:36,364:INFO:wiki.py:Url hitted
2021-12-24 18:04:40,294:INFO:wiki.py:Search begins for temples
2021-12-24 18:04:44,359:INFO:wiki.py:Text stored in scrapper_wiki object
2021-12-24 18:09:54,650:INFO:wiki.py:Url hitted
2021-12-24 18:09:57,771:INFO:wiki.py:Search begins for birds
2021-12-24 18:10:00,999:INFO:wiki.py:Text stored in scrapper_wiki object
2021-12-24 18:14:03,396:INFO:wiki.py:Url hitted
2021-12-24 18:14:07,478:INFO:wiki.py:Search begins for birds
2021-12-24 18:14:11,654:INFO:wiki.py:Text stored in scrapper_wiki object
2021-12-24 18:14:14,764:INFO:wiki.py:Text summarized
2021-12-24 18:16:43,232:INFO:wiki.py:Url hitted
2021-12-24 18:16:59,744:INFO:wiki.py:Search begins for birds
2021-12-24 18:19:46,566:INFO:wiki.py:Data saved in scrapper file
2021-12-24 18:20:56,100:INFO:wiki.py:Url hitted
2021-12-24 18:20:59,715:INFO:wiki.py:Search begins for birds
2021-12-24 18:21:13,830:INFO:wiki.py:Data saved in scrapper file
2021-12-24 18:26:15,117:INFO:wiki.py:Url hitted
2021-12-24 18:26:19,125:INFO:wiki.py:Search begins for birds
2021-12-24 18:27:41,106:INFO:wiki.py:Url hitted
2021-12-24 18:27:44,687:INFO:wiki.py:Search begins for birds
2021-12-24 18:27:59,156:INFO:wiki.py:Data saved in scrapper file
2021-12-24 18:29:20,790:INFO:wiki.py:Url hitted
2021-12-24 18:29:29,694:INFO:wiki.py:Search begins for birds
2021-12-24 18:29:45,850:INFO:wiki.py:Data saved in scrapper file
2021-12-24 18:51:02,206:INFO:wiki.py:Url hitted
2021-12-24 18:51:05,606:INFO:wiki.py:Search begins for birds
2021-12-24 18:51:16,810:INFO:wiki.py:Data saved in scrapper file
2021-12-24 18:56:37,426:INFO:wiki.py:Url hitted
2021-12-24 18:56:40,647:INFO:wiki.py:Search begins for birds
2021-12-24 18:56:51,957:INFO:wiki.py:Data saved in scrapper file
2021-12-24 19:00:51,697:INFO:wiki.py:Url hitted
2021-12-24 19:00:55,288:INFO:wiki.py:Search begins for birds
2021-12-24 19:01:12,115:INFO:wiki.py:Data saved in scrapper file
2021-12-24 19:02:40,107:INFO:wiki.py:Url hitted
2021-12-24 19:02:51,588:INFO:wiki.py:Search begins for birds
2021-12-24 19:06:14,440:INFO:wiki.py:Url hitted
2021-12-24 19:06:18,382:INFO:wiki.py:Search begins for birds
2021-12-24 19:06:21,421:INFO:wiki.py:Text stored in scrapper_wiki object
2021-12-24 19:14:28,533:INFO:wiki.py:Url hitted
2021-12-24 19:14:32,047:INFO:wiki.py:Search begins for birds
2021-12-24 19:14:35,344:INFO:wiki.py:Text stored in scrapper_wiki object
2021-12-24 19:18:28,738:INFO:wiki.py:Url hitted
2021-12-24 19:18:32,985:INFO:wiki.py:Search begins for birds
2021-12-24 19:18:35,601:INFO:wiki.py:Text stored in scrapper_wiki object
2021-12-24 19:18:37,783:INFO:wiki.py:Text summarized
2021-12-24 19:24:56,015:INFO:wiki.py:Url hitted
2021-12-24 19:25:00,457:INFO:wiki.py:Search begins for birds
2021-12-24 19:26:23,312:INFO:wiki.py:Url hitted
2021-12-24 19:26:27,350:INFO:wiki.py:Search begins for birds
2021-12-24 19:30:04,205:INFO:wiki.py:Url hitted
2021-12-24 19:30:09,068:INFO:wiki.py:Search begins for birds
2021-12-24 19:37:02,776:INFO:wiki.py:Url hitted
2021-12-24 19:37:28,093:INFO:wiki.py:Search begins for birds
2021-12-24 19:43:02,653:INFO:wiki.py:Url hitted
2021-12-24 19:43:28,811:INFO:wiki.py:Search begins for birds
2021-12-24 19:56:27,470:INFO:wiki.py:Url hitted
2021-12-24 19:56:32,905:INFO:wiki.py:Search begins for birds
2021-12-24 19:58:13,881:INFO:wiki.py:Url hitted
2021-12-24 19:58:18,540:INFO:wiki.py:Search begins for birds
2021-12-24 20:07:36,645:INFO:wiki.py:Url hitted
2021-12-24 20:07:40,531:INFO:wiki.py:Search begins for birds
2021-12-24 20:15:49,415:INFO:wiki.py:Url hitted
2021-12-24 20:15:55,707:INFO:wiki.py:Search begins for birds
2021-12-24 20:17:08,167:INFO:wiki.py:Url hitted
2021-12-24 20:17:18,879:INFO:wiki.py:Search begins for birds
2021-12-24 20:34:29,082:INFO:wiki.py:Url hitted
2021-12-24 20:34:33,075:INFO:wiki.py:Search begins for birds
2021-12-24 20:37:22,273:INFO:wiki.py:Url hitted
2021-12-24 20:37:29,458:INFO:wiki.py:Search begins for birds
2021-12-24 20:38:01,345:INFO:wiki.py:Data saved in scrapper file
2021-12-24 20:40:06,638:INFO:wiki.py:Url hitted
2021-12-24 20:40:12,078:INFO:wiki.py:Search begins for microsoft
2021-12-24 20:40:19,737:INFO:wiki.py:Text stored in scrapper_wiki object
2021-12-24 20:40:25,094:INFO:wiki.py:Text summarized
2021-12-25 12:42:19,940:INFO:wiki.py:Url hitted
2021-12-25 12:42:23,600:INFO:wiki.py:Search begins for birds
2021-12-25 12:42:29,042:INFO:wiki.py:Data saved in scrapper file
2021-12-25 12:42:52,347:INFO:wiki.py:Url hitted
2021-12-25 12:42:55,322:INFO:wiki.py:Search begins for google
2021-12-25 12:42:57,701:INFO:wiki.py:Text stored in scrapper_wiki object
2021-12-25 12:42:58,861:INFO:wiki.py:Text summarized
2021-12-25 13:08:37,383:INFO:wiki.py:Url hitted
2021-12-25 13:08:42,608:INFO:wiki.py:Search begins for sky
2021-12-25 13:08:45,693:INFO:wiki.py:Text stored in scrapper_wiki object
2021-12-25 13:08:46,747:INFO:wiki.py:Text summarized
2021-12-25 13:10:46,125:INFO:wiki.py:Url hitted
2021-12-25 13:10:54,810:INFO:wiki.py:Search begins for sky
2021-12-25 13:11:17,155:INFO:wiki.py:Data saved in scrapper file
2021-12-25 13:11:34,438:INFO:wiki.py:Url hitted
2021-12-25 13:11:37,161:INFO:wiki.py:Search begins for cloud
2021-12-25 13:13:56,265:INFO:wiki.py:Url hitted
2021-12-25 13:13:59,346:INFO:wiki.py:Search begins for cloud
2021-12-25 13:16:17,222:INFO:wiki.py:Url hitted
2021-12-25 13:16:28,267:INFO:wiki.py:Search begins for cloud
2021-12-25 13:17:30,409:INFO:wiki.py:Text stored in scrapper_wiki object
2021-12-25 13:17:43,319:INFO:wiki.py:Text summarized
2021-12-25 13:31:33,209:INFO:wiki.py:Url hitted
2021-12-25 13:31:36,458:INFO:wiki.py:Search begins for cloud
2021-12-25 13:33:05,471:INFO:wiki.py:Url hitted
2021-12-25 13:33:17,152:INFO:wiki.py:Search begins for cloud
2021-12-25 13:37:28,695:INFO:wiki.py:Url hitted
2021-12-25 13:37:31,761:INFO:wiki.py:Search begins for cloud
2021-12-25 13:40:37,734:INFO:wiki.py:Url hitted
2021-12-25 13:40:41,147:INFO:wiki.py:Search begins for cloud
2021-12-25 14:07:38,826:INFO:wiki.py:Url hitted
2021-12-25 14:07:41,779:INFO:wiki.py:Search begins for cloud
2021-12-25 14:44:42,531:INFO:wiki.py:Url hitted
2021-12-25 14:44:45,297:INFO:wiki.py:Search begins for clouds
2021-12-25 14:46:23,023:INFO:wiki.py:Url hitted
2021-12-25 14:46:29,748:INFO:wiki.py:Search begins for clouds
2021-12-25 14:55:56,279:INFO:wiki.py:Url hitted
2021-12-25 14:55:59,952:INFO:wiki.py:Search begins for clouds
2021-12-25 15:48:16,637:INFO:wiki.py:Url hitted
2021-12-25 15:48:30,209:INFO:wiki.py:Search begins for clouds
2021-12-25 16:13:10,739:INFO:wiki.py:Url hitted
2021-12-25 16:13:15,635:INFO:wiki.py:Search begins for clouds
2021-12-25 16:43:54,375:INFO:wiki.py:Url hitted
2021-12-25 16:43:57,614:INFO:wiki.py:Search begins for clouds
2021-12-25 16:44:53,184:INFO:wiki.py:Url hitted
2021-12-25 16:45:01,559:INFO:wiki.py:Search begins for clouds
2021-12-25 20:34:48,240:INFO:wiki.py:Url hitted
2021-12-25 20:34:53,179:INFO:wiki.py:Search begins for clouds
2021-12-25 20:36:27,641:INFO:wiki.py:Url hitted
2021-12-25 20:36:30,502:INFO:wiki.py:Search begins for clouds
2021-12-25 20:39:13,658:INFO:wiki.py:Url hitted
2021-12-25 20:39:16,661:INFO:wiki.py:Search begins for clouds
2021-12-25 20:47:42,022:INFO:wiki.py:Url hitted
2021-12-25 20:47:47,638:INFO:wiki.py:Search begins for clouds
2021-12-25 20:49:18,454:INFO:wiki.py:Url hitted
2021-12-25 20:49:26,034:INFO:wiki.py:Search begins for clouds
2021-12-25 20:51:51,581:INFO:wiki.py:Url hitted
2021-12-25 20:51:56,157:INFO:wiki.py:Search begins for clouds
2021-12-25 20:54:42,556:INFO:wiki.py:Url hitted
2021-12-25 20:54:46,133:INFO:wiki.py:Search begins for clouds
2021-12-25 20:56:30,426:INFO:wiki.py:Url hitted
2021-12-25 20:56:37,182:INFO:wiki.py:Search begins for clouds
2021-12-27 12:29:52,095:INFO:wiki.py:Url hitted
2021-12-27 12:29:57,648:INFO:wiki.py:Search begins for sky
2021-12-27 12:30:03,591:INFO:wiki.py:Data saved in scrapper file
2021-12-27 12:32:06,529:INFO:wiki.py:Url hitted
2021-12-27 12:32:12,025:INFO:wiki.py:Search begins for lignite
2021-12-27 12:34:08,112:INFO:wiki.py:Url hitted
2021-12-27 12:34:15,665:INFO:wiki.py:Search begins for sea
2021-12-27 12:59:24,624:INFO:wiki.py:Url hitted
2021-12-27 12:59:39,450:INFO:wiki.py:Search begins for sea
2021-12-27 13:09:50,565:INFO:wiki.py:Url hitted
2021-12-27 13:09:58,821:INFO:wiki.py:Search begins for sea
2021-12-27 13:13:52,176:INFO:wiki.py:Url hitted
2021-12-27 13:14:10,491:INFO:wiki.py:Search begins for sea
2021-12-27 13:20:39,551:INFO:wiki.py:Url hitted
2021-12-27 13:20:56,273:INFO:wiki.py:Search begins for sea
2021-12-27 13:35:09,313:INFO:wiki.py:Url hitted
2021-12-27 13:35:16,064:INFO:wiki.py:Search begins for sea
2021-12-27 13:41:07,175:INFO:wiki.py:Url hitted
2021-12-27 13:41:24,189:INFO:wiki.py:Search begins for sea
2021-12-27 13:49:02,409:INFO:wiki.py:Url hitted
2021-12-27 13:49:09,991:INFO:wiki.py:Search begins for sea
2021-12-27 13:50:11,377:INFO:wiki.py:Url hitted
2021-12-27 13:50:21,683:INFO:wiki.py:Search begins for sea
2021-12-27 13:54:02,635:INFO:wiki.py:Url hitted
2021-12-27 13:54:11,391:INFO:wiki.py:Search begins for sea
2021-12-27 13:57:04,085:INFO:wiki.py:Url hitted
2021-12-27 13:57:11,896:INFO:wiki.py:Search begins for sea
2021-12-27 13:58:12,969:INFO:wiki.py:Url hitted
2021-12-27 13:58:27,711:INFO:wiki.py:Search begins for sea
2021-12-27 14:04:50,192:INFO:wiki.py:Url hitted
2021-12-27 14:04:56,729:INFO:wiki.py:Search begins for sea
2021-12-27 14:06:06,341:INFO:wiki.py:Url hitted
2021-12-27 14:06:23,314:INFO:wiki.py:Search begins for sea
2021-12-27 14:07:25,403:INFO:wiki.py:Url hitted
2021-12-27 14:07:33,929:INFO:wiki.py:Search begins for sea
2021-12-27 14:26:31,381:INFO:wiki.py:Url hitted
2021-12-27 14:26:48,504:INFO:wiki.py:Search begins for sea
2021-12-27 14:27:49,940:INFO:wiki.py:Url hitted
2021-12-27 14:27:57,498:INFO:wiki.py:Search begins for sea
2021-12-27 14:31:07,155:INFO:wiki.py:Url hitted
2021-12-27 14:31:16,226:INFO:wiki.py:Search begins for sea
2021-12-27 14:39:37,543:INFO:wiki.py:Url hitted
2021-12-27 14:39:45,900:INFO:wiki.py:Search begins for sea
2021-12-27 14:44:43,811:INFO:wiki.py:Url hitted
2021-12-27 14:45:01,671:INFO:wiki.py:Search begins for sea
2021-12-27 14:49:34,321:INFO:wiki.py:Url hitted
2021-12-27 14:49:42,779:INFO:wiki.py:Search begins for sea
2021-12-27 15:01:37,499:INFO:wiki.py:Url hitted
2021-12-27 15:01:43,966:INFO:wiki.py:Search begins for sea
2021-12-27 15:03:40,671:INFO:wiki.py:Url hitted
2021-12-27 15:03:50,793:INFO:wiki.py:Search begins for sea
2021-12-27 15:05:27,490:INFO:wiki.py:Url hitted
2021-12-27 15:05:33,859:INFO:wiki.py:Search begins for sea
2021-12-27 15:07:32,865:INFO:wiki.py:Url hitted
2021-12-27 15:07:39,158:INFO:wiki.py:Search begins for sea
2021-12-27 16:24:44,249:INFO:wiki.py:Url hitted
2021-12-27 16:24:53,025:INFO:wiki.py:Search begins for sea
2021-12-27 16:29:23,173:INFO:wiki.py:Url hitted
2021-12-27 16:29:30,271:INFO:wiki.py:Search begins for sea
2021-12-27 16:32:00,132:INFO:wiki.py:Url hitted
2021-12-27 16:32:12,950:INFO:wiki.py:Search begins for sea
2021-12-27 16:34:08,102:INFO:wiki.py:Url hitted
2021-12-27 16:34:16,424:INFO:wiki.py:Search begins for sea
2021-12-27 16:35:43,713:INFO:wiki.py:Url hitted
2021-12-27 16:35:51,646:INFO:wiki.py:Search begins for sea
2021-12-27 16:44:42,540:INFO:wiki.py:Url hitted
2021-12-27 16:44:49,151:INFO:wiki.py:Search begins for sea
2021-12-27 16:46:09,851:INFO:wiki.py:Url hitted
2021-12-27 16:46:16,983:INFO:wiki.py:Search begins for sea
2021-12-27 17:17:55,045:INFO:wiki.py:Url hitted
2021-12-27 17:18:03,628:INFO:wiki.py:Search begins for sea
2021-12-27 17:26:30,837:INFO:wiki.py:Url hitted
2021-12-27 17:26:36,103:INFO:wiki.py:Search begins for sea
2021-12-27 17:46:18,007:INFO:wiki.py:Url hitted
2021-12-27 17:46:25,472:INFO:wiki.py:Search begins for sea
2021-12-27 19:27:13,435:INFO:wiki.py:Url hitted
2021-12-27 19:27:24,745:INFO:wiki.py:Search begins for sea
2021-12-27 20:07:06,832:INFO:wiki.py:Url hitted
2021-12-27 20:07:14,440:INFO:wiki.py:Search begins for sea
2021-12-27 20:08:24,460:INFO:wiki.py:Url hitted
2021-12-27 20:08:30,778:INFO:wiki.py:Search begins for sea
2021-12-27 20:43:31,425:INFO:wiki.py:Url hitted
2021-12-27 20:43:38,476:INFO:wiki.py:Search begins for sea
2021-12-27 20:45:52,556:INFO:wiki.py:Url hitted
2021-12-27 20:46:03,580:INFO:wiki.py:Search begins for sea
2021-12-27 20:53:15,669:INFO:wiki.py:Url hitted
2021-12-27 20:53:28,060:INFO:wiki.py:Search begins for sea
2021-12-27 21:03:23,400:INFO:wiki.py:Url hitted
2021-12-27 21:03:27,902:INFO:wiki.py:Search begins for mind
2021-12-27 21:04:12,155:INFO:wiki.py:Url hitted
2021-12-27 21:04:19,616:INFO:wiki.py:Search begins for sea
2021-12-27 21:06:13,169:INFO:wiki.py:Url hitted
2021-12-27 21:06:19,591:INFO:wiki.py:Search begins for sea
2021-12-27 21:29:00,500:INFO:wiki.py:Url hitted
2021-12-27 21:29:10,763:INFO:wiki.py:Search begins for sea
2021-12-27 21:30:33,067:INFO:wiki.py:Url hitted
2021-12-27 21:30:43,706:INFO:wiki.py:Search begins for sea
2021-12-27 21:32:01,193:INFO:wiki.py:Url hitted
2021-12-27 21:32:08,008:INFO:wiki.py:Search begins for sea
2021-12-27 21:33:26,598:INFO:wiki.py:Url hitted
2021-12-27 21:33:37,628:INFO:wiki.py:Search begins for sea
2021-12-27 21:46:33,657:INFO:wiki.py:Url hitted
2021-12-27 21:46:43,848:INFO:wiki.py:Search begins for sea
2021-12-28 13:06:56,630:INFO:wiki.py:Url hitted
2021-12-28 13:07:04,296:INFO:wiki.py:Search begins for sea
2021-12-28 13:08:04,356:INFO:wiki.py:Url hitted
2021-12-28 13:08:23,317:INFO:wiki.py:Search begins for sea
2021-12-28 13:19:29,196:INFO:wiki.py:Url hitted
2021-12-28 13:19:41,656:INFO:wiki.py:Search begins for sea
2021-12-28 13:23:37,776:INFO:wiki.py:Url hitted
2021-12-28 13:23:55,578:INFO:wiki.py:Search begins for sea
2021-12-28 13:32:22,162:INFO:wiki.py:Url hitted
2021-12-28 13:32:30,479:INFO:wiki.py:Search begins for sea
2021-12-28 13:36:16,746:INFO:wiki.py:Url hitted
2021-12-28 13:36:31,109:INFO:wiki.py:Search begins for sea
2021-12-28 13:38:31,070:INFO:wiki.py:Url hitted
2021-12-28 13:38:48,334:INFO:wiki.py:Search begins for sea
2021-12-28 13:42:15,203:INFO:wiki.py:Url hitted
2021-12-28 13:42:22,866:INFO:wiki.py:Search begins for sea
2021-12-28 14:05:15,717:INFO:wiki.py:Url hitted
2021-12-28 14:05:23,100:INFO:wiki.py:Search begins for sea
2021-12-28 14:06:15,963:INFO:wiki.py:Url hitted
2021-12-28 14:06:26,730:INFO:wiki.py:Search begins for water
2021-12-28 14:07:55,948:INFO:wiki.py:Url hitted
2021-12-28 14:08:04,193:INFO:wiki.py:Search begins for corals
2021-12-28 14:24:27,980:INFO:wiki.py:Url hitted
2021-12-28 14:24:36,620:INFO:wiki.py:Search begins for sea
2021-12-28 14:25:01,847:INFO:wiki.py:Url hitted
2021-12-28 14:25:09,851:INFO:wiki.py:Search begins for corals
2021-12-28 14:27:35,166:INFO:wiki.py:Url hitted
2021-12-28 14:27:43,534:INFO:wiki.py:Search begins for sea
2021-12-28 14:34:21,496:INFO:wiki.py:Url hitted
2021-12-28 14:34:29,921:INFO:wiki.py:Search begins for sea
2021-12-28 14:35:46,671:INFO:wiki.py:Url hitted
2021-12-28 14:35:54,535:INFO:wiki.py:Search begins for sea
2021-12-28 17:21:57,231:INFO:wiki.py:Url hitted
2021-12-28 17:22:03,821:INFO:wiki.py:Search begins for tree
2021-12-28 17:24:33,597:INFO:wiki.py:Url hitted
2021-12-28 17:24:40,218:INFO:wiki.py:Search begins for tree
2021-12-28 17:26:00,029:INFO:wiki.py:Url hitted
2021-12-28 17:26:07,416:INFO:wiki.py:Search begins for sea
2021-12-28 18:35:37,766:INFO:wiki.py:Url hitted
2021-12-28 18:35:41,197:INFO:wiki.py:Search begins for temples
2021-12-28 18:36:15,756:INFO:wiki.py:Url hitted
2021-12-28 18:36:18,662:INFO:wiki.py:Search begins for South Indian temples
2021-12-28 18:37:09,345:INFO:wiki.py:Url hitted
2021-12-28 18:37:13,629:INFO:wiki.py:Search begins for Sundar pichai
2021-12-28 18:38:03,070:INFO:wiki.py:Url hitted
2021-12-28 18:38:05,898:INFO:wiki.py:Search begins for CSK
2021-12-28 18:38:32,065:INFO:wiki.py:Url hitted
2021-12-28 18:38:34,102:INFO:wiki.py:Search begins for greenhouse effect
2021-12-28 19:03:06,138:INFO:wiki.py:Url hitted
2021-12-28 19:03:08,991:INFO:wiki.py:Search begins for google
2021-12-28 19:03:10,561:INFO:wiki.py:Text stored in scrapper_wiki object
2021-12-28 19:03:15,215:INFO:wiki.py:Text summarized
2021-12-28 19:06:23,621:INFO:wiki.py:Url hitted
2021-12-28 19:06:26,648:INFO:wiki.py:Search begins for google
2021-12-28 19:09:11,975:INFO:wiki.py:Url hitted
2021-12-28 19:09:22,827:INFO:wiki.py:Search begins for google
2021-12-28 19:24:17,174:INFO:wiki.py:Url hitted
2021-12-28 19:24:20,403:INFO:wiki.py:Search begins for google
2021-12-28 19:30:07,476:INFO:wiki.py:Url hitted
2021-12-28 19:30:10,261:INFO:wiki.py:Search begins for google
2021-12-28 19:36:03,475:INFO:wiki.py:Url hitted
2021-12-28 19:36:06,766:INFO:wiki.py:Search begins for google
2021-12-28 19:37:45,036:INFO:wiki.py:Url hitted
2021-12-28 19:37:47,402:INFO:wiki.py:Search begins for google
2021-12-28 19:37:53,502:INFO:wiki.py:Data saved in scrapper file
2021-12-28 19:41:45,794:INFO:wiki.py:Url hitted
2021-12-28 19:41:57,440:INFO:wiki.py:Search begins for microsoft
2021-12-28 19:42:32,355:INFO:wiki.py:Text stored in scrapper_wiki object
2021-12-28 19:45:37,402:INFO:wiki.py:Text summarized
2021-12-28 19:47:56,658:INFO:wiki.py:Url hitted
2021-12-28 19:48:04,739:INFO:wiki.py:Search begins for microsoft
2021-12-28 19:48:14,486:INFO:wiki.py:Text stored in scrapper_wiki object
2021-12-28 19:48:26,220:INFO:wiki.py:Text summarized and links are fetched and stored in db
2021-12-28 19:52:11,572:INFO:wiki.py:Url hitted
2021-12-28 19:52:15,494:INFO:wiki.py:Search begins for clouds
2021-12-28 19:52:18,063:INFO:wiki.py:Text stored in scrapper_wiki object
2021-12-28 19:52:21,406:INFO:wiki.py:Text summarized and links are fetched and stored in db
2021-12-28 19:56:52,545:INFO:wiki.py:Url hitted
2021-12-28 19:56:55,550:INFO:wiki.py:Search begins for sky
2021-12-28 19:56:58,475:INFO:wiki.py:Text stored in scrapper_wiki object
2021-12-28 20:00:39,732:INFO:wiki.py:Url hitted
2021-12-28 20:00:46,403:INFO:wiki.py:Search begins for sky
2021-12-28 20:00:49,758:INFO:wiki.py:Text stored in scrapper_wiki object
2021-12-28 20:00:54,463:INFO:wiki.py:Text summarized and links are fetched and stored in db
2021-12-29 13:31:31,337:INFO:wiki.py:Url hitted
2021-12-29 13:31:37,675:INFO:wiki.py:Search begins for roses
2021-12-29 13:32:47,596:INFO:wiki.py:Url hitted
2021-12-29 13:33:00,196:INFO:wiki.py:Search begins for rose
2021-12-29 13:36:10,325:INFO:wiki.py:Url hitted
2021-12-29 13:36:16,085:INFO:wiki.py:Search begins for rose
2021-12-29 16:55:43,739:INFO:wiki.py:Url hitted
2021-12-29 16:55:51,299:INFO:wiki.py:Search begins for karate
2021-12-29 16:55:57,250:INFO:wiki.py:Text stored in scrapper_wiki object
2021-12-29 16:56:59,035:INFO:wiki.py:Url hitted
2021-12-29 16:57:18,338:INFO:wiki.py:Search begins for maple tree
2021-12-29 16:57:23,126:INFO:wiki.py:Text stored in scrapper_wiki object
2021-12-29 16:57:32,950:INFO:wiki.py:Text summarized and links are fetched and stored in db
2021-12-29 16:59:38,677:INFO:wiki.py:Url hitted
2021-12-29 16:59:45,655:INFO:wiki.py:Search begins for dates
2021-12-29 17:01:04,364:INFO:wiki.py:Url hitted
2021-12-29 17:01:24,710:INFO:wiki.py:Search begins for oxygen
2021-12-29 17:01:32,990:INFO:wiki.py:Text stored in scrapper_wiki object
2021-12-29 17:01:43,785:INFO:wiki.py:Text summarized and links are fetched and stored in db
2021-12-29 19:16:50,461:INFO:wiki.py:Url hitted
2021-12-29 19:17:08,666:INFO:wiki.py:Search begins for google
2021-12-29 19:17:17,750:INFO:wiki.py:Text stored in scrapper_wiki object
2021-12-29 19:17:29,600:INFO:wiki.py:Text summarized and links are fetched and stored in db
2021-12-29 19:18:54,931:INFO:wiki.py:Url hitted
2021-12-29 19:19:23,645:INFO:wiki.py:Search begins for birds
2021-12-29 19:19:38,650:INFO:wiki.py:Text stored in scrapper_wiki object
2021-12-29 19:20:02,500:INFO:wiki.py:Text summarized and links are fetched and stored in db
2021-12-29 19:21:40,605:INFO:wiki.py:Url hitted
2021-12-29 19:22:05,217:INFO:wiki.py:Search begins for corals
2021-12-29 19:22:15,773:INFO:wiki.py:Text stored in scrapper_wiki object
2021-12-29 19:22:33,183:INFO:wiki.py:Text summarized and links are fetched and stored in db
2021-12-29 19:26:50,044:INFO:wiki.py:Url hitted
2021-12-29 19:27:07,917:INFO:wiki.py:Search begins for microsoft
2021-12-29 19:27:20,369:INFO:wiki.py:Text stored in scrapper_wiki object
2021-12-29 19:27:35,282:INFO:wiki.py:Text summarized and links are fetched and stored in db
2021-12-29 21:23:43,914:INFO:wiki.py:Url hitted
2021-12-29 21:25:27,160:INFO:wiki.py:Search begins for diwali
2021-12-29 21:25:47,780:INFO:wiki.py:Text stored in scrapper_wiki object
2021-12-29 21:28:23,670:INFO:wiki.py:Url hitted
2021-12-29 21:28:44,261:INFO:wiki.py:Search begins for pongal
2021-12-29 21:32:43,745:INFO:wiki.py:Url hitted
2021-12-29 21:32:57,636:INFO:wiki.py:Search begins for diwali
2021-12-29 21:33:07,770:INFO:wiki.py:Text stored in scrapper_wiki object
2021-12-29 21:33:24,352:INFO:wiki.py:Text summarized and links are fetched and stored in db
2021-12-29 22:01:37,285:INFO:wiki.py:Url hitted
2021-12-29 22:01:54,364:INFO:wiki.py:Search begins for parrot
2021-12-29 22:01:59,947:INFO:wiki.py:Text stored in scrapper_wiki object
2021-12-29 22:02:12,874:INFO:wiki.py:Text summarized and links are fetched and stored in db
2021-12-30 13:03:25,164:INFO:wiki.py:Url hitted
2021-12-30 13:03:32,858:INFO:wiki.py:Search begins for parrot
2021-12-30 13:03:40,166:INFO:wiki.py:Data and links saved in scrapper file
2021-12-30 13:12:50,051:INFO:wiki.py:Url hitted
2021-12-30 13:13:06,631:INFO:wiki.py:Search begins for parrot
2021-12-30 13:13:13,529:INFO:wiki.py:Data and links saved in scrapper file
2021-12-30 13:28:00,745:INFO:wiki.py:Url hitted
2021-12-30 13:28:07,071:INFO:wiki.py:Search begins for parrot
2021-12-30 13:32:02,473:INFO:wiki.py:Url hitted
2021-12-30 13:32:09,248:INFO:wiki.py:Search begins for parrot
2021-12-30 13:35:00,056:INFO:wiki.py:Url hitted
2021-12-30 13:35:09,251:INFO:wiki.py:Search begins for roses
2021-12-30 13:38:08,360:INFO:wiki.py:Url hitted
2021-12-30 13:38:24,215:INFO:wiki.py:Search begins for birds
2021-12-30 14:02:07,338:INFO:wiki.py:Url hitted
2021-12-30 14:02:14,329:INFO:wiki.py:Search begins for parrot
2021-12-30 14:05:43,721:INFO:wiki.py:Url hitted
2021-12-30 14:05:50,256:INFO:wiki.py:Search begins for parrot
2021-12-30 14:09:04,073:INFO:wiki.py:Url hitted
2021-12-30 14:09:15,629:INFO:wiki.py:Search begins for google
2021-12-30 14:19:46,980:INFO:wiki.py:Url hitted
2021-12-30 14:19:53,834:INFO:wiki.py:Search begins for microsoft
2021-12-30 14:38:52,027:INFO:wiki.py:Url hitted
2021-12-30 14:38:58,122:INFO:wiki.py:Search begins for sky
2021-12-30 14:44:33,750:INFO:wiki.py:Url hitted
2021-12-30 14:44:43,132:INFO:wiki.py:Search begins for clouds
2021-12-30 14:49:18,677:INFO:wiki.py:Url hitted
2021-12-30 14:49:25,792:INFO:wiki.py:Search begins for parrot
2021-12-30 15:40:10,043:INFO:wiki.py:Url hitted
2021-12-30 15:40:22,583:INFO:wiki.py:Search begins for google
2021-12-30 15:50:13,791:INFO:wiki.py:Url hitted
2021-12-30 15:50:23,620:INFO:wiki.py:Search begins for clouds
2021-12-30 15:54:38,112:INFO:wiki.py:Url hitted
2021-12-30 15:54:45,067:INFO:wiki.py:Search begins for roses
2021-12-30 15:58:36,974:INFO:wiki.py:Url hitted
2021-12-30 15:59:00,010:INFO:wiki.py:Search begins for birds
2021-12-30 16:42:08,084:INFO:wiki.py:Url hitted
2021-12-30 16:42:21,260:INFO:wiki.py:Search begins for trees
2021-12-30 16:54:10,990:INFO:wiki.py:Url hitted
2021-12-30 16:54:21,106:INFO:wiki.py:Search begins for cows
2021-12-30 17:07:41,590:INFO:wiki.py:Url hitted
2021-12-30 17:07:50,124:INFO:wiki.py:Search begins for diwali
2021-12-30 17:10:14,431:INFO:wiki.py:Url hitted
2021-12-30 17:10:21,640:INFO:wiki.py:Search begins for diwali
2021-12-30 17:18:52,226:INFO:wiki.py:Url hitted
2021-12-30 17:18:59,220:INFO:wiki.py:Search begins for auroville
2021-12-30 17:44:28,052:INFO:wiki.py:Url hitted
2021-12-30 17:44:38,225:INFO:wiki.py:Search begins for sun
2021-12-30 17:49:38,519:INFO:wiki.py:Url hitted
2021-12-30 17:49:48,217:INFO:wiki.py:Search begins for cattle
2021-12-30 17:53:00,038:INFO:wiki.py:Url hitted
2021-12-30 17:53:06,905:INFO:wiki.py:Search begins for holi
2021-12-30 19:05:46,513:INFO:wiki.py:Url hitted
2021-12-30 19:05:50,282:INFO:wiki.py:Search begins for thirupati
2021-12-30 19:07:11,602:INFO:wiki.py:Url hitted
2021-12-30 19:07:18,352:INFO:wiki.py:Search begins for Sundar pichai
2021-12-30 19:12:49,098:INFO:wiki.py:Url hitted
2021-12-30 19:12:56,729:INFO:wiki.py:Search begins for google
2021-12-30 19:21:15,490:INFO:wiki.py:Url hitted
2021-12-30 19:21:21,359:INFO:wiki.py:Search begins for microsoft
2021-12-30 19:25:03,162:INFO:wiki.py:Url hitted
2021-12-30 19:25:07,772:INFO:wiki.py:Search begins for infosys
2021-12-30 19:28:31,771:INFO:wiki.py:Url hitted
2021-12-30 19:28:44,726:INFO:wiki.py:Search begins for moon
2021-12-30 19:40:49,660:INFO:wiki.py:Url hitted
2021-12-30 19:40:55,439:INFO:wiki.py:Search begins for google
2021-12-30 19:43:17,191:INFO:wiki.py:Url hitted
2021-12-30 19:43:24,458:INFO:wiki.py:Search begins for google
2021-12-30 19:43:30,611:INFO:wiki.py:Data and links saved in scrapper file
2021-12-30 19:45:27,574:INFO:wiki.py:Url hitted
2021-12-30 19:45:37,075:INFO:wiki.py:Search begins for birds
2021-12-30 19:59:03,746:INFO:wiki.py:Url hitted
2021-12-30 19:59:17,833:INFO:wiki.py:Search begins for birds
2021-12-30 19:59:24,515:INFO:wiki.py:Data and links saved in scrapper file
2021-12-30 20:31:36,735:INFO:wiki.py:Url hitted
2021-12-30 20:31:44,884:INFO:wiki.py:Search begins for corals
2021-12-30 20:38:01,139:INFO:wiki.py:Url hitted
2021-12-30 20:38:12,458:INFO:wiki.py:Search begins for birds
2021-12-30 20:38:18,696:INFO:wiki.py:Summarized Data saved in scrapper file
2021-12-30 20:53:41,589:INFO:wiki.py:Url hitted
2021-12-30 20:53:56,329:INFO:wiki.py:Search begins for birds
2021-12-30 20:54:03,598:INFO:wiki.py:Summarized Data saved in scrapper file
2021-12-30 20:54:17,715:INFO:wiki.py:Reference links saved in scrapper file
2021-12-30 20:56:40,455:INFO:wiki.py:Url hitted
2021-12-30 20:56:51,199:INFO:wiki.py:Search begins for birds
2021-12-30 20:56:58,245:INFO:wiki.py:Summarized Data saved in scrapper file
2021-12-30 20:57:15,121:INFO:wiki.py:Reference links saved in scrapper file
2021-12-30 20:59:31,937:INFO:wiki.py:Url hitted
2021-12-30 20:59:58,795:INFO:wiki.py:Search begins for birds
2021-12-30 21:00:22,799:INFO:wiki.py:Summarized Data saved in scrapper file
2021-12-30 21:03:06,854:INFO:wiki.py:Reference links saved in scrapper file
2021-12-30 21:09:09,537:INFO:wiki.py:Url hitted
2021-12-30 21:09:24,001:INFO:wiki.py:Search begins for birds
2021-12-30 21:09:30,852:INFO:wiki.py:Summarized Data saved in scrapper file
2021-12-30 21:09:45,439:INFO:wiki.py:Reference links saved in scrapper file
2021-12-30 21:18:26,880:INFO:wiki.py:Url hitted
2021-12-30 21:18:36,135:INFO:wiki.py:Search begins for birds
2021-12-30 21:18:42,896:INFO:wiki.py:Summarized Data saved in scrapper file
2021-12-30 21:29:52,857:INFO:wiki.py:Url hitted
2021-12-30 21:30:01,460:INFO:wiki.py:Search begins for birds
2021-12-30 21:30:10,849:INFO:wiki.py:Summarized Data saved in scrapper file
2021-12-30 21:41:32,097:INFO:wiki.py:Url hitted
2021-12-30 21:41:49,987:INFO:wiki.py:Search begins for birds
2021-12-30 21:41:57,174:INFO:wiki.py:Summarized Data saved in scrapper file
2021-12-30 21:48:25,169:INFO:wiki.py:Url hitted
2021-12-30 21:48:37,454:INFO:wiki.py:Search begins for birds
2021-12-30 21:48:43,744:INFO:wiki.py:Summarized Data saved in scrapper file
2021-12-30 22:07:03,171:INFO:wiki.py:Url hitted
2021-12-30 22:07:10,521:INFO:wiki.py:Search begins for fish
2021-12-31 13:47:32,613:INFO:wiki.py:Url hitted
2021-12-31 13:47:43,095:INFO:wiki.py:Search begins for birds
2021-12-31 13:47:53,110:INFO:wiki.py:Summarized Data saved in scrapper file
2021-12-31 13:48:35,528:INFO:wiki.py:Reference links saved in scrapper file
2021-12-31 13:49:18,744:INFO:wiki.py:Url hitted
2021-12-31 13:49:29,519:INFO:wiki.py:Search begins for marvels movie
2021-12-31 13:50:41,994:INFO:wiki.py:Url hitted
2021-12-31 13:50:45,817:INFO:wiki.py:Search begins for anna university
2021-12-31 13:51:13,984:INFO:wiki.py:Reference links saved in scrapper file
2021-12-31 13:51:46,474:INFO:wiki.py:Url hitted
2021-12-31 13:51:52,450:INFO:wiki.py:Search begins for anna university
2021-12-31 13:51:59,730:INFO:wiki.py:Summarized Data saved in scrapper file
2021-12-31 13:52:39,122:INFO:wiki.py:Url hitted
2021-12-31 13:52:43,882:INFO:wiki.py:Search begins for avengers
2021-12-31 13:54:21,478:INFO:wiki.py:Url hitted
2021-12-31 13:54:28,730:INFO:wiki.py:Search begins for microsoft
2021-12-31 13:57:33,612:INFO:wiki.py:Url hitted
2021-12-31 13:57:41,899:INFO:wiki.py:Search begins for trees
2021-12-31 13:59:01,816:INFO:wiki.py:Reference links saved in scrapper file
2021-12-31 14:00:35,512:INFO:wiki.py:Url hitted
2021-12-31 14:00:42,967:INFO:wiki.py:Search begins for Nilgiri hills
2021-12-31 14:06:49,430:INFO:wiki.py:Url hitted
2021-12-31 14:07:09,942:INFO:wiki.py:Search begins for Narendra modi
2021-12-31 14:09:16,881:INFO:wiki.py:Reference links saved in scrapper file
2021-12-31 14:12:03,638:INFO:wiki.py:Url hitted
2021-12-31 14:12:08,336:INFO:wiki.py:Search begins for Sridher vembu zoho
2021-12-31 14:13:03,734:INFO:wiki.py:Url hitted
2021-12-31 14:13:09,607:INFO:wiki.py:Search begins for sridhar vembu
2021-12-31 14:14:15,120:INFO:wiki.py:Reference links saved in scrapper file
2021-12-31 14:15:52,722:INFO:wiki.py:Url hitted
2021-12-31 14:15:57,344:INFO:wiki.py:Search begins for elon musk
2021-12-31 14:17:42,693:INFO:wiki.py:Reference links saved in scrapper file
2021-12-31 14:21:14,354:INFO:wiki.py:Url hitted
2021-12-31 14:21:20,221:INFO:wiki.py:Search begins for neyveli
2021-12-31 14:23:18,340:INFO:wiki.py:Reference links saved in scrapper file
2021-12-31 14:24:09,046:INFO:wiki.py:Url hitted
2021-12-31 14:24:13,893:INFO:wiki.py:Search begins for flex
2021-12-31 14:25:36,497:INFO:wiki.py:Url hitted
2021-12-31 14:25:41,857:INFO:wiki.py:Search begins for flextronics
2021-12-31 16:35:23,258:INFO:wiki.py:Url hitted
2021-12-31 16:35:29,578:INFO:wiki.py:Search begins for elon musk
2021-12-31 16:35:37,992:INFO:wiki.py:Summarized Data saved in scrapper file
2021-12-31 16:36:13,057:INFO:wiki.py:Reference links saved in scrapper file
2021-12-31 18:41:14,210:INFO:wiki.py:Url hitted
2021-12-31 18:41:21,022:INFO:wiki.py:Search begins for birds
2021-12-31 18:41:33,971:INFO:wiki.py:Summarized data, references links and images stored in db 
2021-12-31 18:41:37,745:INFO:wiki.py:Text summarized
2021-12-31 18:41:51,354:INFO:wiki.py:Reference links saved in scrapper file
2021-12-31 18:43:53,006:INFO:wiki.py:Url hitted
2021-12-31 18:43:58,702:INFO:wiki.py:Search begins for birds
2021-12-31 18:44:13,197:INFO:wiki.py:Summarized data, references links and images stored in db 
2021-12-31 18:44:17,137:INFO:wiki.py:Text summarized
2021-12-31 18:44:28,109:INFO:wiki.py:Image links saved in scrapper file
2021-12-31 18:45:20,298:INFO:wiki.py:Url hitted
2021-12-31 18:45:26,685:INFO:wiki.py:Search begins for roses
2021-12-31 18:45:37,244:INFO:wiki.py:Summarized data, references links and images stored in db 
2021-12-31 18:45:39,327:INFO:wiki.py:Text summarized
2021-12-31 18:45:51,878:INFO:wiki.py:Reference links saved in scrapper file
2021-12-31 18:46:04,583:INFO:wiki.py:Image links saved in scrapper file
2021-12-31 18:46:25,847:INFO:wiki.py:Url hitted
2021-12-31 18:46:32,248:INFO:wiki.py:Search begins for birds
2021-12-31 18:46:37,879:INFO:wiki.py:Summarized Data saved in scrapper file
2021-12-31 18:47:23,352:INFO:wiki.py:Image links saved in scrapper file
2021-12-31 18:47:47,435:INFO:wiki.py:Url hitted
2021-12-31 18:47:51,582:INFO:wiki.py:Search begins for roses
2021-12-31 18:47:57,002:INFO:wiki.py:Summarized Data saved in scrapper file
2021-12-31 18:48:08,137:INFO:wiki.py:Image links saved in scrapper file
2021-12-31 19:03:01,276:INFO:wiki.py:Url hitted
2021-12-31 19:03:06,411:INFO:wiki.py:Search begins for sky
2021-12-31 19:03:16,659:INFO:wiki.py:Summarized data, references links and images stored in db 
2021-12-31 19:03:18,143:INFO:wiki.py:Text summarized
2021-12-31 19:03:29,749:INFO:wiki.py:Reference links saved in scrapper file
2021-12-31 19:03:48,505:INFO:wiki.py:Image links saved in scrapper file
2021-12-31 19:04:06,705:INFO:wiki.py:Reference links saved in scrapper file
2021-12-31 19:05:33,934:INFO:wiki.py:Reference links saved in scrapper file
2021-12-31 19:15:56,486:INFO:wiki.py:Url hitted
2021-12-31 19:16:02,732:INFO:wiki.py:Search begins for google
2021-12-31 19:16:18,273:INFO:wiki.py:Summarized data, references links and images stored in db 
2021-12-31 19:16:20,986:INFO:wiki.py:Text summarized
2021-12-31 19:16:37,093:INFO:wiki.py:Reference links saved in scrapper file
2021-12-31 19:17:47,596:INFO:wiki.py:Url hitted
2021-12-31 19:17:54,611:INFO:wiki.py:Search begins for diwali
2021-12-31 19:18:06,178:INFO:wiki.py:Summarized data, references links and images stored in db 
2021-12-31 19:18:09,376:INFO:wiki.py:Text summarized
2021-12-31 19:18:21,901:INFO:wiki.py:Reference links saved in scrapper file
2021-12-31 19:20:38,339:INFO:wiki.py:Url hitted
2021-12-31 19:20:43,764:INFO:wiki.py:Search begins for parrot
2021-12-31 19:20:55,389:INFO:wiki.py:Summarized data, references links and images stored in db 
2021-12-31 19:20:57,690:INFO:wiki.py:Text summarized
2021-12-31 19:21:08,650:INFO:wiki.py:Reference links saved in scrapper file
2021-12-31 19:42:03,106:INFO:wiki.py:Url hitted
2021-12-31 19:42:09,501:INFO:wiki.py:Search begins for dhoni
2021-12-31 19:42:22,450:INFO:wiki.py:Summarized data, references links and images stored in db 
2021-12-31 19:42:25,598:INFO:wiki.py:Text summarized
2021-12-31 19:42:39,339:INFO:wiki.py:Reference links saved in scrapper file
2021-12-31 19:44:13,927:INFO:wiki.py:Url hitted
2021-12-31 19:44:19,353:INFO:wiki.py:Search begins for parrots
2021-12-31 19:44:32,423:INFO:wiki.py:Summarized data, references links and images stored in db 
2021-12-31 19:44:35,200:INFO:wiki.py:Text summarized
2021-12-31 19:44:52,901:INFO:wiki.py:Reference links saved in scrapper file
2021-12-31 19:59:34,439:INFO:wiki.py:Url hitted
2021-12-31 19:59:40,696:INFO:wiki.py:Search begins for Nilgiri hills
2021-12-31 19:59:49,309:INFO:wiki.py:Summarized data, references links and images stored in db 
2021-12-31 19:59:50,794:INFO:wiki.py:Text summarized
2021-12-31 20:13:07,704:INFO:wiki.py:Url hitted
2021-12-31 20:13:13,038:INFO:wiki.py:Search begins for diwali
2021-12-31 20:13:24,681:INFO:wiki.py:Summarized data, references links and images stored in db 
2021-12-31 20:13:27,050:INFO:wiki.py:Text summarized
2021-12-31 20:19:10,721:INFO:wiki.py:Url hitted
2021-12-31 20:19:17,240:INFO:wiki.py:Search begins for Narendra modi
2021-12-31 20:19:39,317:INFO:wiki.py:Summarized data, references links and images stored in db 
2021-12-31 20:23:47,289:INFO:wiki.py:Url hitted
2021-12-31 20:23:53,879:INFO:wiki.py:Search begins for australia
2021-12-31 20:24:11,752:INFO:wiki.py:Summarized data, references links and images stored in db 
2021-12-31 20:24:52,677:INFO:wiki.py:Text summarized
2021-12-31 20:29:25,947:INFO:wiki.py:Url hitted
2021-12-31 20:29:33,263:INFO:wiki.py:Search begins for canada
2021-12-31 20:29:48,392:INFO:wiki.py:Summarized data, references links and images stored in db 
2021-12-31 20:29:51,994:INFO:wiki.py:Text summarized
2021-12-31 20:36:10,929:INFO:wiki.py:Url hitted
2021-12-31 20:36:17,465:INFO:wiki.py:Search begins for america
2021-12-31 20:36:35,330:INFO:wiki.py:Summarized data, references links and images stored in db 
2021-12-31 20:36:39,175:INFO:wiki.py:Text summarized
2021-12-31 20:39:33,811:INFO:wiki.py:Url hitted
2021-12-31 20:39:40,259:INFO:wiki.py:Search begins for India
2021-12-31 20:39:56,071:INFO:wiki.py:Summarized data, references links and images stored in db 
2021-12-31 20:39:59,298:INFO:wiki.py:Text summarized
2021-12-31 20:45:12,998:INFO:wiki.py:Url hitted
2021-12-31 20:45:21,156:INFO:wiki.py:Search begins for vietnam
2021-12-31 20:45:38,781:INFO:wiki.py:Summarized data, references links and images stored in db 
2021-12-31 20:45:43,432:INFO:wiki.py:Text summarized
2021-12-31 20:50:13,310:INFO:wiki.py:Url hitted
2021-12-31 20:50:24,406:INFO:wiki.py:Search begins for vienna
2021-12-31 20:50:37,951:INFO:wiki.py:Summarized data, references links and images stored in db 
2021-12-31 20:50:41,256:INFO:wiki.py:Text summarized
2021-12-31 20:52:36,965:INFO:wiki.py:Url hitted
2021-12-31 20:52:49,493:INFO:wiki.py:Search begins for finland
2021-12-31 20:53:03,946:INFO:wiki.py:Summarized data, references links and images stored in db 
2021-12-31 20:53:08,473:INFO:wiki.py:Text summarized
2021-12-31 21:06:45,927:INFO:wiki.py:Url hitted
2021-12-31 21:06:54,319:INFO:wiki.py:Search begins for singapore
2021-12-31 21:07:10,181:INFO:wiki.py:Summarized data, references links and images stored in db 
2021-12-31 21:07:14,046:INFO:wiki.py:Text summarized
2021-12-31 21:07:36,730:INFO:wiki.py:Reference links saved in scrapper file
2021-12-31 21:08:03,287:INFO:wiki.py:Image links saved in scrapper file
2021-12-31 21:15:08,756:INFO:wiki.py:Url hitted
2021-12-31 21:15:14,839:INFO:wiki.py:Search begins for Germany
2021-12-31 21:15:29,397:INFO:wiki.py:Summarized data, references links and images stored in db 
2021-12-31 21:15:32,139:INFO:wiki.py:Text summarized
2021-12-31 21:18:15,319:INFO:wiki.py:Url hitted
2021-12-31 21:18:21,414:INFO:wiki.py:Search begins for canada
2021-12-31 21:18:36,594:INFO:wiki.py:Summarized data, references links and images stored in db 
2021-12-31 21:18:40,091:INFO:wiki.py:Text summarized
2021-12-31 21:19:29,775:INFO:wiki.py:Url hitted
2021-12-31 21:19:36,119:INFO:wiki.py:Search begins for India
2021-12-31 21:19:51,388:INFO:wiki.py:Summarized data, references links and images stored in db 
2021-12-31 21:19:55,666:INFO:wiki.py:Text summarized
2021-12-31 21:21:48,735:INFO:wiki.py:Url hitted
2021-12-31 21:21:54,378:INFO:wiki.py:Search begins for london
2021-12-31 21:22:09,341:INFO:wiki.py:Summarized data, references links and images stored in db 
2021-12-31 21:22:13,129:INFO:wiki.py:Text summarized
2021-12-31 21:22:27,044:INFO:wiki.py:Reference links saved in scrapper file
2021-12-31 21:31:35,753:INFO:wiki.py:Url hitted
2021-12-31 21:31:42,334:INFO:wiki.py:Search begins for google
2021-12-31 21:31:56,601:INFO:wiki.py:Summarized data, references links and images stored in db 
2021-12-31 21:31:59,886:INFO:wiki.py:Text summarized
2021-12-31 21:32:23,414:INFO:wiki.py:Reference links saved in scrapper file
2021-12-31 21:32:56,529:INFO:wiki.py:Image links saved in scrapper file
2021-12-31 21:33:17,331:INFO:wiki.py:Reference links saved in scrapper file
2021-12-31 21:35:39,394:INFO:wiki.py:Url hitted
2021-12-31 21:35:46,254:INFO:wiki.py:Search begins for google
2021-12-31 21:35:52,639:INFO:wiki.py:Summarized Data saved in scrapper file
2021-12-31 21:36:04,871:INFO:wiki.py:Reference links saved in scrapper file
2021-12-31 21:36:32,944:INFO:wiki.py:Url hitted
2021-12-31 21:36:37,416:INFO:wiki.py:Search begins for microsoft
2021-12-31 21:36:50,690:INFO:wiki.py:Summarized data, references links and images stored in db 
2021-12-31 21:36:54,142:INFO:wiki.py:Text summarized
2021-12-31 21:37:14,526:INFO:wiki.py:Reference links saved in scrapper file
2021-12-31 21:39:34,738:INFO:wiki.py:Url hitted
2021-12-31 21:39:51,355:INFO:wiki.py:Search begins for google
2021-12-31 21:40:06,600:INFO:wiki.py:Summarized data, references links and images stored in db 
2021-12-31 21:40:09,686:INFO:wiki.py:Text summarized
2021-12-31 21:40:21,584:INFO:wiki.py:Reference links saved in scrapper file
2021-12-31 21:42:41,306:INFO:wiki.py:Url hitted
2021-12-31 21:42:49,168:INFO:wiki.py:Search begins for google
2021-12-31 21:43:02,844:INFO:wiki.py:Summarized data, references links and images stored in db 
2021-12-31 21:43:06,345:INFO:wiki.py:Text summarized
2021-12-31 21:43:19,282:INFO:wiki.py:Reference links saved in scrapper file
2021-12-31 21:44:13,370:INFO:wiki.py:Image links saved in scrapper file
2021-12-31 21:47:28,771:INFO:wiki.py:Url hitted
2021-12-31 21:47:37,248:INFO:wiki.py:Search begins for google
2021-12-31 21:47:42,616:INFO:wiki.py:Summarized Data saved in scrapper file
2021-12-31 21:47:53,937:INFO:wiki.py:Reference links saved in scrapper file
2021-12-31 21:48:06,337:INFO:wiki.py:Image links saved in scrapper file
2021-12-31 21:48:47,556:INFO:wiki.py:Url hitted
2021-12-31 21:48:52,644:INFO:wiki.py:Search begins for microsoft
2021-12-31 21:49:05,789:INFO:wiki.py:Summarized data, references links and images stored in db 
2021-12-31 21:49:08,678:INFO:wiki.py:Text summarized
2021-12-31 21:50:08,316:INFO:wiki.py:Url hitted
2021-12-31 21:50:20,328:INFO:wiki.py:Search begins for corals
2021-12-31 21:50:32,114:INFO:wiki.py:Summarized data, references links and images stored in db 
2021-12-31 21:50:34,351:INFO:wiki.py:Text summarized
2021-12-31 21:52:07,473:INFO:wiki.py:Url hitted
2021-12-31 21:52:17,466:INFO:wiki.py:Search begins for clouds
2021-12-31 21:52:32,636:INFO:wiki.py:Summarized data, references links and images stored in db 
2021-12-31 21:52:35,696:INFO:wiki.py:Text summarized
2021-12-31 21:54:24,760:INFO:wiki.py:Reference links saved in scrapper file
2021-12-31 21:54:41,823:INFO:wiki.py:Image links saved in scrapper file
2021-12-31 21:55:04,971:INFO:wiki.py:Image links saved in scrapper file
2021-12-31 21:55:24,534:INFO:wiki.py:Url hitted
2021-12-31 21:55:29,793:INFO:wiki.py:Search begins for Nilgiri hills
2021-12-31 21:55:40,075:INFO:wiki.py:Summarized data, references links and images stored in db 
2021-12-31 21:55:43,209:INFO:wiki.py:Text summarized
2021-12-31 21:56:07,266:INFO:wiki.py:Reference links saved in scrapper file
2021-12-31 21:56:34,150:INFO:wiki.py:Image links saved in scrapper file
2021-12-31 23:04:10,952:INFO:wiki.py:Url hitted
2021-12-31 23:04:18,284:INFO:wiki.py:Search begins for abdul kalam
2021-12-31 23:04:32,990:INFO:wiki.py:Summarized data, references links and images stored in db 
2021-12-31 23:04:36,193:INFO:wiki.py:Text summarized
2021-12-31 23:05:08,785:INFO:wiki.py:Reference links saved in scrapper file
2021-12-31 23:06:17,790:INFO:wiki.py:Image links saved in scrapper file
2021-12-31 23:07:54,539:INFO:wiki.py:Url hitted
2021-12-31 23:07:59,816:INFO:wiki.py:Search begins for sathya nadela
2021-12-31 23:08:10,486:INFO:wiki.py:Summarized data, references links and images stored in db 
2021-12-31 23:08:12,347:INFO:wiki.py:Text summarized
2021-12-31 23:08:50,494:INFO:wiki.py:Url hitted
2021-12-31 23:08:56,307:INFO:wiki.py:Search begins for satya nadella
2021-12-31 23:09:07,041:INFO:wiki.py:Summarized data, references links and images stored in db 
2021-12-31 23:09:09,105:INFO:wiki.py:Text summarized
2021-12-31 23:09:48,959:INFO:wiki.py:Reference links saved in scrapper file
2021-12-31 23:11:05,861:INFO:wiki.py:Image links saved in scrapper file
2021-12-31 23:11:31,003:INFO:wiki.py:Url hitted
2021-12-31 23:11:40,196:INFO:wiki.py:Search begins for london
2021-12-31 23:11:59,602:INFO:wiki.py:Summarized data, references links and images stored in db 
2021-12-31 23:12:04,736:INFO:wiki.py:Text summarized
2021-12-31 23:12:45,897:INFO:wiki.py:Image links saved in scrapper file
2021-12-31 23:14:17,019:INFO:wiki.py:Url hitted
2021-12-31 23:14:20,918:INFO:wiki.py:Search begins for omicron
2021-12-31 23:14:29,982:INFO:wiki.py:Summarized data, references links and images stored in db 
2021-12-31 23:14:31,918:INFO:wiki.py:Text summarized
2021-12-31 23:15:34,158:INFO:wiki.py:Reference links saved in scrapper file
2021-12-31 23:16:15,813:INFO:wiki.py:Image links saved in scrapper file
2021-12-31 23:24:33,975:INFO:wiki.py:Url hitted
2021-12-31 23:24:38,503:INFO:wiki.py:Search begins for omicron
2021-12-31 23:24:49,427:INFO:wiki.py:Summarized data, references links and images stored in db 
2021-12-31 23:24:51,047:INFO:wiki.py:Text summarized
2021-12-31 23:25:03,171:INFO:wiki.py:Image links saved in scrapper file
2021-12-31 23:32:36,540:INFO:wiki.py:Url hitted
2021-12-31 23:32:41,465:INFO:wiki.py:Search begins for omicron
2021-12-31 23:32:51,839:INFO:wiki.py:Summarized data, references links and images stored in db 
2021-12-31 23:32:54,369:INFO:wiki.py:Text summarized
2021-12-31 23:33:06,079:INFO:wiki.py:Image links saved in scrapper file
2021-12-31 23:35:21,505:INFO:wiki.py:Url hitted
2021-12-31 23:35:36,079:INFO:wiki.py:Search begins for france
2021-12-31 23:35:56,585:INFO:wiki.py:Summarized data, references links and images stored in db 
2021-12-31 23:36:03,294:INFO:wiki.py:Text summarized
2021-12-31 23:36:15,311:INFO:wiki.py:Image links saved in scrapper file
2021-12-31 23:36:40,385:INFO:wiki.py:Url hitted
2021-12-31 23:36:44,920:INFO:wiki.py:Search begins for omicron
2021-12-31 23:36:56,466:INFO:wiki.py:Summarized data, references links and images stored in db 
2021-12-31 23:36:58,508:INFO:wiki.py:Text summarized
2021-12-31 23:37:09,809:INFO:wiki.py:Image links saved in scrapper file
2021-12-31 23:41:32,308:INFO:wiki.py:Url hitted
2021-12-31 23:41:36,166:INFO:wiki.py:Search begins for omicron
2021-12-31 23:41:46,489:INFO:wiki.py:Summarized data, references links and images stored in db 
2021-12-31 23:41:49,316:INFO:wiki.py:Text summarized
2021-12-31 23:42:00,594:INFO:wiki.py:Image links saved in scrapper file
2021-12-31 23:46:22,889:INFO:wiki.py:Url hitted
2021-12-31 23:46:27,637:INFO:wiki.py:Search begins for sridhar vembu
2021-12-31 23:46:38,157:INFO:wiki.py:Summarized data, references links and images stored in db 
2021-12-31 23:46:39,791:INFO:wiki.py:Text summarized
2021-12-31 23:46:51,806:INFO:wiki.py:Image links saved in scrapper file
2021-12-31 23:49:11,016:INFO:wiki.py:Url hitted
2021-12-31 23:49:15,284:INFO:wiki.py:Search begins for sridhar vembu
2021-12-31 23:49:24,460:INFO:wiki.py:Summarized data, references links and images stored in db 
2021-12-31 23:49:26,290:INFO:wiki.py:Text summarized
2021-12-31 23:49:37,067:INFO:wiki.py:Image links saved in scrapper file
2021-12-31 23:51:21,693:INFO:wiki.py:Url hitted
2021-12-31 23:51:26,333:INFO:wiki.py:Search begins for sridhar vembu
2021-12-31 23:51:36,083:INFO:wiki.py:Summarized data, references links and images stored in db 
2021-12-31 23:51:38,072:INFO:wiki.py:Text summarized
2021-12-31 23:51:48,718:INFO:wiki.py:Image links saved in scrapper file
2022-01-01 16:17:50,133:INFO:wiki.py:Url hitted
2022-01-01 16:17:55,919:INFO:wiki.py:Search begins for sridhar vembu
2022-01-01 16:18:08,803:INFO:wiki.py:Summarized data, references links and images stored in db 
2022-01-01 16:18:10,451:INFO:wiki.py:Text summarized
2022-01-01 16:18:21,615:INFO:wiki.py:Image links saved in scrapper file
2022-01-01 16:29:38,939:INFO:wiki.py:Url hitted
2022-01-01 16:29:44,149:INFO:wiki.py:Search begins for sridhar vembu
2022-01-01 16:29:56,099:INFO:wiki.py:Summarized data, references links and images stored in db 
2022-01-01 16:29:58,438:INFO:wiki.py:Text summarized
2022-01-01 16:30:12,556:INFO:wiki.py:Image links saved in scrapper file
2022-01-01 16:32:01,904:INFO:wiki.py:Url hitted
2022-01-01 16:32:06,660:INFO:wiki.py:Search begins for omicron
2022-01-01 16:32:19,187:INFO:wiki.py:Summarized data, references links and images stored in db 
2022-01-01 16:32:21,620:INFO:wiki.py:Text summarized
2022-01-01 16:50:39,981:INFO:wiki.py:Image links saved in scrapper file
2022-01-01 16:58:08,710:INFO:wiki.py:Url hitted
2022-01-01 16:58:12,729:INFO:wiki.py:Search begins for sridhar vembu
2022-01-01 16:58:25,532:INFO:wiki.py:Summarized data, references links and images stored in db 
2022-01-01 16:58:28,010:INFO:wiki.py:Text summarized
2022-01-01 17:01:20,242:INFO:wiki.py:Image links saved in scrapper file
2022-01-01 17:04:29,633:INFO:wiki.py:Url hitted
2022-01-01 17:04:34,417:INFO:wiki.py:Search begins for omicron
2022-01-01 17:04:46,103:INFO:wiki.py:Summarized data, references links and images stored in db 
2022-01-01 17:04:48,245:INFO:wiki.py:Text summarized
2022-01-01 17:05:06,321:INFO:wiki.py:Image links saved in scrapper file
2022-01-01 17:06:04,115:INFO:wiki.py:Url hitted
2022-01-01 17:06:11,405:INFO:wiki.py:Search begins for microsoft
2022-01-01 17:06:29,595:INFO:wiki.py:Summarized data, references links and images stored in db 
2022-01-01 17:06:35,191:INFO:wiki.py:Text summarized
2022-01-01 17:06:47,823:INFO:wiki.py:Image links saved in scrapper file
2022-01-01 17:17:45,418:INFO:wiki.py:Url hitted
2022-01-01 17:17:55,038:INFO:wiki.py:Search begins for google
2022-01-01 17:18:19,924:INFO:wiki.py:Summarized data, references links and images stored in db 
2022-01-01 17:18:29,267:INFO:wiki.py:Text summarized
2022-01-01 17:19:15,308:INFO:wiki.py:Reference links saved in scrapper file
2022-01-01 17:21:11,088:INFO:wiki.py:Image links saved in scrapper file
2022-01-01 17:32:15,250:INFO:wiki.py:Url hitted
2022-01-01 17:32:21,439:INFO:wiki.py:Search begins for microsoft
2022-01-01 17:33:04,253:INFO:wiki.py:Summarized data, references links and images stored in db 
2022-01-01 17:33:08,823:INFO:wiki.py:Text summarized
2022-01-01 17:33:21,515:INFO:wiki.py:Reference links saved in scrapper file
2022-01-01 17:37:13,817:INFO:wiki.py:Url hitted
2022-01-01 17:37:20,626:INFO:wiki.py:Search begins for abdul kalam
2022-01-01 17:37:45,828:INFO:wiki.py:Summarized data, references links and images stored in db 
2022-01-01 17:37:49,986:INFO:wiki.py:Text summarized
2022-01-01 17:38:20,619:INFO:wiki.py:Reference links saved in scrapper file
2022-01-01 17:38:34,311:INFO:wiki.py:Image links saved in scrapper file
2022-01-01 17:39:02,151:INFO:wiki.py:Url hitted
2022-01-01 17:39:09,767:INFO:wiki.py:Search begins for pope
2022-01-01 17:40:05,716:INFO:wiki.py:Summarized data, references links and images stored in db 
2022-01-01 17:40:10,141:INFO:wiki.py:Text summarized
2022-01-01 17:45:11,276:INFO:wiki.py:Url hitted
2022-01-01 17:45:17,925:INFO:wiki.py:Search begins for pope
2022-01-01 17:46:27,378:INFO:wiki.py:Summarized data, references links and images stored in db 
2022-01-01 17:46:33,608:INFO:wiki.py:Text summarized
2022-01-01 17:48:25,183:INFO:wiki.py:Reference links saved in scrapper file
2022-01-01 17:52:00,707:INFO:wiki.py:Image links saved in scrapper file
2022-01-01 17:53:35,189:INFO:wiki.py:Url hitted
2022-01-01 17:53:42,586:INFO:wiki.py:Search begins for pope
2022-01-01 17:54:47,711:INFO:wiki.py:Summarized data, references links and images stored in db 
2022-01-01 17:54:53,328:INFO:wiki.py:Text summarized
2022-01-01 17:55:42,505:INFO:wiki.py:Reference links saved in scrapper file
2022-01-01 17:56:16,069:INFO:wiki.py:Image links saved in scrapper file
2022-01-01 19:15:30,502:INFO:wiki.py:Url hitted
2022-01-01 19:15:36,366:INFO:wiki.py:Search begins for sharuk khan
2022-01-01 19:15:47,887:INFO:wiki.py:Summarized data, references links and images stored in db 
2022-01-01 19:15:49,258:INFO:wiki.py:Text summarized
2022-01-01 19:16:33,956:INFO:wiki.py:Url hitted
2022-01-01 19:16:41,885:INFO:wiki.py:Search begins for shahrukh khan
2022-01-01 19:17:23,090:INFO:wiki.py:Summarized data, references links and images stored in db 
2022-01-01 19:17:28,496:INFO:wiki.py:Text summarized
2022-01-01 19:19:45,947:INFO:wiki.py:Url hitted
2022-01-01 19:19:52,723:INFO:wiki.py:Search begins for ajith
2022-01-01 19:20:03,839:INFO:wiki.py:Summarized data, references links and images stored in db 
2022-01-01 19:20:05,450:INFO:wiki.py:Text summarized
2022-01-01 19:20:33,616:INFO:wiki.py:Url hitted
2022-01-01 19:20:39,547:INFO:wiki.py:Search begins for ajith kumar
2022-01-01 19:21:02,279:INFO:wiki.py:Summarized data, references links and images stored in db 
2022-01-01 19:21:04,951:INFO:wiki.py:Text summarized
2022-01-01 19:21:56,192:INFO:wiki.py:Reference links saved in scrapper file
2022-01-01 19:22:10,055:INFO:wiki.py:Image links saved in scrapper file
2022-01-01 19:23:15,346:INFO:wiki.py:Url hitted
2022-01-01 19:23:20,801:INFO:wiki.py:Search begins for tamaasha
2022-01-01 19:23:31,967:INFO:wiki.py:Summarized data, references links and images stored in db 
2022-01-01 19:23:33,853:INFO:wiki.py:Text summarized
2022-01-01 19:23:57,614:INFO:wiki.py:Url hitted
2022-01-01 19:24:03,398:INFO:wiki.py:Search begins for tamaasha hindi movie
2022-01-01 19:24:15,493:INFO:wiki.py:Summarized data, references links and images stored in db 
2022-01-01 19:24:17,068:INFO:wiki.py:Text summarized
2022-01-01 19:25:22,420:INFO:wiki.py:Url hitted
2022-01-01 19:25:28,139:INFO:wiki.py:Search begins for tamaasha film
2022-01-01 19:25:39,010:INFO:wiki.py:Summarized data, references links and images stored in db 
2022-01-01 19:25:40,842:INFO:wiki.py:Text summarized
2022-01-01 19:26:04,559:INFO:wiki.py:Url hitted
2022-01-01 19:26:09,240:INFO:wiki.py:Search begins for Tamasha
2022-01-01 19:26:20,751:INFO:wiki.py:Summarized data, references links and images stored in db 
2022-01-01 19:26:22,161:INFO:wiki.py:Text summarized
2022-01-01 19:27:05,037:INFO:wiki.py:Url hitted
2022-01-01 19:27:10,791:INFO:wiki.py:Search begins for Tamasha 2015 film
2022-01-01 19:27:23,186:INFO:wiki.py:Summarized data, references links and images stored in db 
2022-01-01 19:27:25,281:INFO:wiki.py:Text summarized
2022-01-01 19:27:41,711:INFO:wiki.py:Url hitted
2022-01-01 19:27:47,279:INFO:wiki.py:Search begins for Tamasha (2015 film)
2022-01-01 19:28:05,244:INFO:wiki.py:Summarized data, references links and images stored in db 
2022-01-01 19:28:07,631:INFO:wiki.py:Text summarized
2022-01-01 19:29:13,743:INFO:wiki.py:Reference links saved in scrapper file
2022-01-01 19:29:29,919:INFO:wiki.py:Image links saved in scrapper file
2022-01-01 19:29:58,881:INFO:wiki.py:Url hitted
2022-01-01 19:30:06,114:INFO:wiki.py:Search begins for theeni tamil movie
2022-01-01 19:30:14,997:INFO:wiki.py:Summarized data, references links and images stored in db 
2022-01-01 19:30:18,542:INFO:wiki.py:Text summarized
2022-01-01 19:30:43,139:INFO:wiki.py:Url hitted
2022-01-01 19:30:48,708:INFO:wiki.py:Search begins for theeni (tamil) movie
2022-01-01 19:30:57,818:INFO:wiki.py:Summarized data, references links and images stored in db 
2022-01-01 19:30:59,349:INFO:wiki.py:Text summarized
2022-01-01 19:31:51,127:INFO:wiki.py:Url hitted
2022-01-01 19:31:57,442:INFO:wiki.py:Search begins for theeni
2022-01-01 19:32:10,359:INFO:wiki.py:Summarized data, references links and images stored in db 
2022-01-01 19:32:11,795:INFO:wiki.py:Text summarized
2022-01-01 19:32:56,685:INFO:wiki.py:Url hitted
2022-01-01 19:33:02,640:INFO:wiki.py:Search begins for gilli
2022-01-01 19:33:12,576:INFO:wiki.py:Summarized data, references links and images stored in db 
2022-01-01 19:33:14,468:INFO:wiki.py:Text summarized
2022-01-01 19:34:18,766:INFO:wiki.py:Url hitted
2022-01-01 19:34:23,841:INFO:wiki.py:Search begins for kanathil mutha mittai
2022-01-01 19:34:33,678:INFO:wiki.py:Summarized data, references links and images stored in db 
2022-01-01 19:34:35,565:INFO:wiki.py:Text summarized
2022-01-03 12:01:02,231:INFO:wiki.py:Url hitted
2022-01-03 12:01:09,880:INFO:wiki.py:Search begins for roses
2022-01-03 12:01:16,940:INFO:wiki.py:Summarized Data saved in scrapper file
2022-01-03 12:01:30,271:INFO:wiki.py:Image links saved in scrapper file
2022-01-03 13:58:28,477:INFO:wiki.py:Url hitted
2022-01-03 13:58:35,659:INFO:wiki.py:Search begins for sachin tendulkar
2022-01-03 13:58:47,614:INFO:wiki.py:Summarized data, references links and images stored in db 
2022-01-03 13:58:49,314:INFO:wiki.py:Text summarized
2022-01-03 13:59:13,645:INFO:wiki.py:Url hitted
2022-01-03 13:59:20,752:INFO:wiki.py:Search begins for trees
2022-01-03 14:01:24,506:INFO:wiki.py:Url hitted
2022-01-03 14:01:30,953:INFO:wiki.py:Search begins for microsoft
2022-01-03 14:02:12,767:INFO:wiki.py:Summarized data, references links and images stored in db 
2022-01-03 14:02:16,631:INFO:wiki.py:Text summarized
2022-01-03 14:02:29,659:INFO:wiki.py:Reference links saved in scrapper file
2022-01-03 14:02:51,053:INFO:wiki.py:Image links saved in scrapper file
2022-01-03 14:51:03,858:INFO:wiki.py:Url hitted
2022-01-03 14:51:13,111:INFO:wiki.py:Search begins for google
2022-01-03 14:51:20,418:INFO:wiki.py:Summarized Data saved in scrapper file
2022-01-03 15:21:58,055:INFO:wiki.py:Url hitted
2022-01-03 19:18:53,827:INFO:wiki.py:Url hitted
2022-01-03 19:22:35,811:INFO:wiki.py:Url hitted
2022-01-03 19:26:19,046:INFO:wiki.py:Url hitted
2022-01-03 19:28:59,019:INFO:wiki.py:Url hitted
2022-01-03 19:42:50,919:INFO:wiki.py:Url hitted
2022-01-03 19:47:38,971:INFO:wiki.py:Url hitted
2022-01-03 19:51:35,236:INFO:wiki.py:Url hitted
2022-01-03 19:52:37,557:INFO:wiki.py:Search begins for Chris Evans
2022-01-03 19:54:06,923:INFO:wiki.py:Url hitted
2022-01-03 20:12:01,123:INFO:wiki.py:Url hitted
2022-01-03 20:12:05,921:INFO:wiki.py:Search begins for Chris Evans
2022-01-03 20:12:16,630:INFO:wiki.py:Summarized data, references links and images stored in db 
2022-01-03 20:12:18,947:INFO:wiki.py:Text summarized
2022-01-03 20:19:13,374:INFO:wiki.py:Url hitted
2022-01-03 20:19:28,396:INFO:wiki.py:Search begins for Chris Evans
2022-01-03 20:20:01,295:INFO:wiki.py:Summarized data, references links and images stored in db 
2022-01-03 20:30:28,527:INFO:wiki.py:Url hitted
2022-01-03 20:31:05,348:INFO:wiki.py:Search begins for Chris Evans
2022-01-03 20:31:53,235:INFO:wiki.py:Summarized data, references links and images stored in db 
2022-01-03 20:32:18,745:INFO:wiki.py:Text summarized
2022-01-03 20:34:15,384:INFO:wiki.py:Reference links saved in scrapper file
2022-01-03 20:34:45,811:INFO:wiki.py:Image links saved in scrapper file
2022-01-03 20:35:48,565:INFO:wiki.py:Url hitted
2022-01-03 20:35:54,111:INFO:wiki.py:Search begins for avengers
2022-01-03 20:36:29,715:INFO:wiki.py:Summarized data, references links and images stored in db 
2022-01-03 20:36:33,622:INFO:wiki.py:Text summarized
2022-01-03 20:36:47,661:INFO:wiki.py:Image links saved in scrapper file
2022-01-03 20:37:19,280:INFO:wiki.py:Url hitted
2022-01-03 20:37:23,461:INFO:wiki.py:Search begins for ajith
2022-01-03 20:37:45,835:INFO:wiki.py:Summarized data, references links and images stored in db 
2022-01-03 20:37:48,531:INFO:wiki.py:Text summarized
2022-01-03 20:38:02,552:INFO:wiki.py:Image links saved in scrapper file
2022-01-03 20:39:01,483:INFO:wiki.py:Url hitted
2022-01-03 20:39:07,542:INFO:wiki.py:Search begins for Sundar pichai
2022-01-03 20:39:26,464:INFO:wiki.py:Summarized data, references links and images stored in db 
2022-01-03 20:39:28,928:INFO:wiki.py:Text summarized
2022-01-03 20:39:45,691:INFO:wiki.py:Image links saved in scrapper file
2022-01-03 20:40:01,819:INFO:wiki.py:Reference links saved in scrapper file
